[debug] [2024-10-08T00:33:00.534Z] ----------------------------------------------------------------------
[debug] [2024-10-08T00:33:00.541Z] Command:       C:\Program Files\nodejs\node.exe C:\Users\Liyema\AppData\Roaming\npm\node_modules\firebase-tools\lib\bin\firebase.js deploy
[debug] [2024-10-08T00:33:00.542Z] CLI Version:   13.20.2
[debug] [2024-10-08T00:33:00.542Z] Platform:      win32
[debug] [2024-10-08T00:33:00.543Z] Node Version:  v20.15.1
[debug] [2024-10-08T00:33:00.551Z] Time:          Tue Oct 08 2024 02:33:00 GMT+0200 (South Africa Standard Time)
[debug] [2024-10-08T00:33:00.552Z] ----------------------------------------------------------------------
[debug] 
[debug] [2024-10-08T00:33:01.133Z] > command requires scopes: ["email","openid","https://www.googleapis.com/auth/cloudplatformprojects.readonly","https://www.googleapis.com/auth/firebase","https://www.googleapis.com/auth/cloud-platform"]
[debug] [2024-10-08T00:33:01.137Z] > authorizing via signed-in user (zibekeonwabe@gmail.com)
[debug] [2024-10-08T00:33:01.140Z] [iam] checking project portfolio-4999c for permissions ["firebase.projects.get","firebasehosting.sites.update"]
[debug] [2024-10-08T00:33:01.147Z] Checked if tokens are valid: true, expires at: 1728349368933
[debug] [2024-10-08T00:33:01.147Z] Checked if tokens are valid: true, expires at: 1728349368933
[debug] [2024-10-08T00:33:01.150Z] >>> [apiv2][query] POST https://cloudresourcemanager.googleapis.com/v1/projects/portfolio-4999c:testIamPermissions [none]
[debug] [2024-10-08T00:33:01.150Z] >>> [apiv2][(partial)header] POST https://cloudresourcemanager.googleapis.com/v1/projects/portfolio-4999c:testIamPermissions x-goog-quota-user=projects/portfolio-4999c
[debug] [2024-10-08T00:33:01.150Z] >>> [apiv2][body] POST https://cloudresourcemanager.googleapis.com/v1/projects/portfolio-4999c:testIamPermissions {"permissions":["firebase.projects.get","firebasehosting.sites.update"]}
[debug] [2024-10-08T00:33:12.096Z] <<< [apiv2][status] POST https://cloudresourcemanager.googleapis.com/v1/projects/portfolio-4999c:testIamPermissions 200
[debug] [2024-10-08T00:33:12.097Z] <<< [apiv2][body] POST https://cloudresourcemanager.googleapis.com/v1/projects/portfolio-4999c:testIamPermissions {"permissions":["firebase.projects.get","firebasehosting.sites.update"]}
[debug] [2024-10-08T00:33:12.099Z] Checked if tokens are valid: true, expires at: 1728349368933
[debug] [2024-10-08T00:33:12.099Z] Checked if tokens are valid: true, expires at: 1728349368933
[debug] [2024-10-08T00:33:12.100Z] >>> [apiv2][query] GET https://firebase.googleapis.com/v1beta1/projects/portfolio-4999c [none]
[debug] [2024-10-08T00:33:17.134Z] <<< [apiv2][status] GET https://firebase.googleapis.com/v1beta1/projects/portfolio-4999c 200
[debug] [2024-10-08T00:33:17.135Z] <<< [apiv2][body] GET https://firebase.googleapis.com/v1beta1/projects/portfolio-4999c {"projectId":"portfolio-4999c","projectNumber":"186961742648","displayName":"Portfolio","name":"projects/portfolio-4999c","resources":{"hostingSite":"portfolio-4999c"},"state":"ACTIVE","etag":"1_cadbe825-5a22-4505-82d0-3c0012526271"}
[debug] [2024-10-08T00:33:17.139Z] Specified "public" directory "dist" does not exist; Deploy to Hosting site "portfolio-4999c" may fail or be empty.
[info] 
[info] === Deploying to 'portfolio-4999c'...
[info] 
[info] i  deploying hosting 
[debug] [2024-10-08T00:33:17.169Z] Checked if tokens are valid: true, expires at: 1728349368933
[debug] [2024-10-08T00:33:17.171Z] Checked if tokens are valid: true, expires at: 1728349368933
[debug] [2024-10-08T00:33:17.172Z] >>> [apiv2][query] POST https://firebasehosting.googleapis.com/v1beta1/projects/-/sites/portfolio-4999c/versions [none]
[debug] [2024-10-08T00:33:17.173Z] >>> [apiv2][body] POST https://firebasehosting.googleapis.com/v1beta1/projects/-/sites/portfolio-4999c/versions {"status":"CREATED","labels":{"deployment-tool":"cli-firebase"}}
[debug] [2024-10-08T00:33:29.064Z] <<< [apiv2][status] POST https://firebasehosting.googleapis.com/v1beta1/projects/-/sites/portfolio-4999c/versions 200
[debug] [2024-10-08T00:33:29.065Z] <<< [apiv2][body] POST https://firebasehosting.googleapis.com/v1beta1/projects/-/sites/portfolio-4999c/versions {"name":"projects/186961742648/sites/portfolio-4999c/versions/503127eb917cc445","status":"CREATED","config":{},"labels":{"deployment-tool":"cli-firebase"}}
[info] i  hosting[portfolio-4999c]: beginning deploy... 
[debug] [2024-10-08T00:33:34.138Z] Error: Timed out.
    at Timeout._onTimeout (C:\Users\Liyema\AppData\Roaming\npm\node_modules\firebase-tools\lib\utils.js:268:49)
    at listOnTimeout (node:internal/timers:573:17)
    at process.processTimers (node:internal/timers:514:7)
[error] 
[error] Error: An unexpected error has occurred.
[debug] [2024-10-08T00:35:00.473Z] ----------------------------------------------------------------------
[debug] [2024-10-08T00:35:00.479Z] Command:       C:\Program Files\nodejs\node.exe C:\Users\Liyema\AppData\Roaming\npm\node_modules\firebase-tools\lib\bin\firebase.js projects:list
[debug] [2024-10-08T00:35:00.480Z] CLI Version:   13.20.2
[debug] [2024-10-08T00:35:00.480Z] Platform:      win32
[debug] [2024-10-08T00:35:00.480Z] Node Version:  v20.15.1
[debug] [2024-10-08T00:35:00.481Z] Time:          Tue Oct 08 2024 02:35:00 GMT+0200 (South Africa Standard Time)
[debug] [2024-10-08T00:35:00.481Z] ----------------------------------------------------------------------
[debug] 
[debug] [2024-10-08T00:35:00.670Z] > command requires scopes: ["email","openid","https://www.googleapis.com/auth/cloudplatformprojects.readonly","https://www.googleapis.com/auth/firebase","https://www.googleapis.com/auth/cloud-platform"]
[debug] [2024-10-08T00:35:00.671Z] > authorizing via signed-in user (zibekeonwabe@gmail.com)
[debug] [2024-10-08T00:35:00.678Z] Checked if tokens are valid: true, expires at: 1728349368933
[debug] [2024-10-08T00:35:00.679Z] Checked if tokens are valid: true, expires at: 1728349368933
[debug] [2024-10-08T00:35:00.683Z] >>> [apiv2][query] GET https://firebase.googleapis.com/v1beta1/projects pageSize=1000
[debug] [2024-10-08T00:35:19.068Z] *** [apiv2] error from fetch(https://firebase.googleapis.com/v1beta1/projects?pageSize=1000, {"headers":{},"method":"GET","signal":{}}): FetchError: request to https://firebase.googleapis.com/v1beta1/projects?pageSize=1000 failed, reason: socket hang up
[debug] [2024-10-08T00:35:19.069Z] Failed to make request to https://firebase.googleapis.com/v1beta1/projects?pageSize=1000
[debug] [2024-10-08T00:35:24.089Z] Error: Timed out.
    at Timeout._onTimeout (C:\Users\Liyema\AppData\Roaming\npm\node_modules\firebase-tools\lib\utils.js:268:49)
    at listOnTimeout (node:internal/timers:573:17)
    at process.processTimers (node:internal/timers:514:7)
[error] 
[error] Error: An unexpected error has occurred.
